

              __  __    ____    _         ____     _____   
      /\     |  \/  |  / __ \  | |       / __ \   / ____|  
     /  \    | \  / | | |  | | | |      | |  | | | |       
    / /\ \   | |\/| | | |  | | | |      | |  | | | |       
   / ____ \  | |  | | | |__| | | |____  | |__| | | |____   
  /_/    \_\ |_|  |_|  \____/  |______|  \___\_\  \_____|  


 Atoms and Molecules with Quantum Monte Carlo -- electron structure code

 initial version:
  Arne Luechow, Penn State University, 2/1996

 main author:
  Arne Luechow, RWTH Aachen University, 52056 Aachen, Germany

 with contributions from:
  James B. Anderson
  Sebastian Manten, Christian Diedrich, Annika Bande, Tony Scott,
  Rene Petz, Raphael Berner, Alexander Sturm, Kaveh Haghighi Mood


 version 2016-03-24 dc9bcb8  (HEAD, origin/dev, origin/amn, dev, amn)


 run started on  at Fri Apr  1 11:30:13 2016 on    1 processor(s)
 using path: /home/kaveh/amolqc/

 =======>      $gen - initializing RNG and setting general parameters       <=======

 seed =    101     verbose level = 2

 =======>      $wf - wave function      <=======

 wave function settings:
    with BLAS/LAPACK      
    cusp-corrected splines for contracted GTOs

 using sequential AO and MO mode 
 
 wave function ../../wavefunction/H2O.wf with: 
           title =Watersingle
           basis =       TZPAE       MO format =         gau         jastrow =   none     
          charge =     0                  spin =     1                 coord =  angstrom  
  atomic_charges =      F      same_atoms =      F    no_H_jastrow =      F
 
  geometry (in angstrom):
O    0.00000   0.00000   0.11765
H    0.00000   0.76012  -0.47059
H    0.00000  -0.76012  -0.47059
 

 basis set:
 basis name: TZPAE.abs
 different basis functions  =   17
 individual basis functions =   32

 basis read ...


 calculation with   10 electrons
   5 alpha and    5 beta

 Jastrow factor of type none read with:
  Jastrow factor read ...
 
 AO/MO evaluation carried out using aocalc and mocalc.
 
  MOs read ...
  CSFs read ...

 =======>      $sample - creating or modifying the walker sample      <=======

 creating new sample

 created initial random sample using atom densities
 sample size (all nodes):            1
 <E>_allnodes =     -79.8631 +/-       0.0000 V_allnodes =       0.0000
 

 wall clock time for   sample :               0.00 s
 cpu time (master) for sample :               0.00 s



 =======>      $qmc - running a qmc calculation      <=======


   * * *  VMC calculation  * * *

    QMC parameters:

                 tau =     0.01733             adapt tau =           T
        total walker =           1          local walker =           1
               steps =         300               discard =         300
           block_len =         100          walker_block =           1
         step_stride =          10
 target accept ratio =     0.50000
               E_ref =     0.00000                  wfac =     1.00000
        E_loc_cutoff =           F                factor =     1.00000
        kill_persist =           F           max_persist =           0
        load balance =           F                branch =           F
      future walking =           F       pop ctrl = global
              Reconf =           F             RcfMethod =           1
          accumulate =           F
 
    propagator parameters:

              weight =        none                  move =     Umrigar
            moveType =         all
                 tau =     0.01733            drift_scal =     1.00000
             AR step =           T             rej_cross =           F
     expon. sampling =           T
 

             step       size              <E>                   <V>     AR 
 --------------------------------------------------------------------------
            100         1       -77.12370 +/-   0.25350     6.362   0.670
            200         1       -75.10129 +/-   0.57217    32.411   0.810
            300         1       -77.31530 +/-   0.22509     5.016   0.860

 qmc: Emean =       -77.31530 var =         5.01589

 wall clock time for   qmc :               0.01 s
 cpu time (master) for qmc :               0.01 s



 =======>      $change_jastrow - changing Jastrow terms      <=======

 changing Jastrow type from none to de222

  Double exponential radial function
   1 ee terms,    2 en terms,    0 een terms

 =======>      $qmc - running a qmc calculation      <=======


   * * *  VMC calculation  * * *

    QMC parameters:

                 tau =     0.01733             adapt tau =           T
        total walker =           1          local walker =           1
               steps =         300               discard =         300
           block_len =         100          walker_block =           1
         step_stride =          10
 target accept ratio =     0.50000
               E_ref =     0.00000                  wfac =     1.00000
        E_loc_cutoff =           F                factor =     1.00000
        kill_persist =           F           max_persist =           0
        load balance =           F                branch =           F
      future walking =           F       pop ctrl = global
              Reconf =           F             RcfMethod =           1
          accumulate =           F
 
    propagator parameters:

              weight =        none                  move =     Umrigar
            moveType =         all
                 tau =     0.01733            drift_scal =     1.00000
             AR step =           T             rej_cross =           F
     expon. sampling =           T
 

             step       size              <E>                   <V>     AR 
 --------------------------------------------------------------------------
            100         1       -75.49486 +/-   0.33731    11.264   0.860
            200         1       -75.42501 +/-   0.44539    19.639   0.820
            300         1       -73.49372 +/-   0.31222     9.651   0.800

 qmc: Emean =       -73.49372 var =         9.65089

 wall clock time for   qmc :               0.01 s
 cpu time (master) for qmc :               0.01 s



 =======>      $qmc - running a qmc calculation      <=======


   * * *  VMC calculation  * * *

    QMC parameters:

                 tau =     0.01733             adapt tau =           T
        total walker =           1          local walker =           1
               steps =        5990               discard =           1
           block_len =         100          walker_block =           1
         step_stride =          10
 target accept ratio =     0.50000
               E_ref =     0.00000                  wfac =     1.00000
        E_loc_cutoff =           F                factor =     1.00000
        kill_persist =           F           max_persist =           0
        load balance =           F                branch =           F
      future walking =           F       pop ctrl = global
              Reconf =           F             RcfMethod =           1
          accumulate =           T
 
    propagator parameters:

              weight =        none                  move =     Umrigar
            moveType =         all
                 tau =     0.01733            drift_scal =     1.00000
             AR step =           T             rej_cross =           F
     expon. sampling =           T
 

             step       size              <E>                   <V>     AR 
 --------------------------------------------------------------------------
            100         1       -75.45778 +/-   0.34965    12.103   0.840
            200         1       -73.41544 +/-   0.26346     6.872   0.860
            300         1       -75.53067 +/-   0.32796    10.648   0.850
            400         1       -75.10891 +/-   0.42067    17.519   0.800
            500         1       -72.65530 +/-   0.29951     8.881   0.840
            600         1       -74.00898 +/-   0.32647    10.552   0.760
            700         1       -73.50872 +/-   0.33626    11.194   0.680
            800         1       -73.69106 +/-   0.29217     8.451   0.790
            900         1       -74.92005 +/-   0.35529    12.497   0.730
           1000         1       -73.74822 +/-   0.32798    10.650   0.790
           1100         1       -73.99670 +/-   0.34376    11.699   0.590
           1200         1       -72.78876 +/-   0.30670     9.312   0.570
           1300         1       -73.98793 +/-   0.34000    11.444   0.580
           1400         1       -72.80436 +/-   0.28482     8.031   0.620
           1500         1       -74.52387 +/-   0.33397    11.042   0.640
           1600         1       -75.12143 +/-   0.34510    11.790   0.560
           1700         1       -73.85148 +/-   0.34146    11.543   0.490
           1800         1       -73.99938 +/-   0.38285    14.511   0.490
           1900         1       -75.04184 +/-   0.34685    11.910   0.580
           2000         1       -74.40989 +/-   0.34824    12.006   0.520
           2100         1       -74.06347 +/-   0.27108     7.275   0.480
           2200         1       -73.92399 +/-   0.47883    22.698   0.250
           2300         1       -73.75872 +/-   0.34603    11.854   0.520
           2400         1       -73.00792 +/-   0.31257     9.672   0.440
           2500         1       -72.56555 +/-   0.42065    17.518   0.460
           2600         1       -75.04061 +/-   0.28679     8.142   0.450
           2700         1       -74.24031 +/-   0.31911    10.082   0.600
           2800         1       -73.92096 +/-   0.29009     8.331   0.570
           2900         1       -73.81626 +/-   0.34772    11.970   0.550
           3000         1       -74.15198 +/-   0.33401    11.045   0.510
           3100         1       -74.16448 +/-   0.39283    15.277   0.450
           3200         1       -72.73336 +/-   0.35834    12.712   0.480
           3300         1       -74.12502 +/-   0.30512     9.217   0.440
           3400         1       -74.27435 +/-   0.29175     8.427   0.560
           3500         1       -75.08686 +/-   0.27673     7.581   0.410
           3600         1       -74.85146 +/-   0.32185    10.255   0.500
           3700         1       -76.19146 +/-   0.40652    16.361   0.470
           3800         1       -73.00874 +/-   0.27739     7.618   0.540
           3900         1       -73.06763 +/-   0.26959     7.195   0.580
           4000         1       -73.64964 +/-   0.33852    11.345   0.520
           4100         1       -74.61931 +/-   0.38077    14.354   0.590
           4200         1       -72.75779 +/-   0.25639     6.508   0.520
           4300         1       -74.85744 +/-   0.26212     6.802   0.490
           4400         1       -75.13338 +/-   0.40820    16.496   0.540
           4500         1       -74.18867 +/-   0.37771    14.124   0.470
           4600         1       -73.98232 +/-   0.40128    15.942   0.320
           4700         1       -73.24890 +/-   0.36992    13.547   0.400
           4800         1       -75.19276 +/-   0.45899    20.856   0.490
           4900         1       -72.64515 +/-   0.41948    17.421   0.460
           5000         1       -73.98584 +/-   0.34969    12.106   0.590
           5100         1       -74.61243 +/-   0.34270    11.627   0.450
           5200         1       -75.14670 +/-   0.35565    12.522   0.470
           5300         1       -74.94697 +/-   0.34890    12.051   0.640
           5400         1       -73.71045 +/-   0.31063     9.553   0.540
           5500         1       -74.65757 +/-   0.33021    10.795   0.500
           5600         1       -74.98864 +/-   0.40222    16.016   0.560
           5700         1       -73.19399 +/-   0.46752    21.639   0.430
           5800         1       -72.67719 +/-   0.27194     7.321   0.640
           5900         1       -74.59527 +/-   0.43331    18.588   0.500


  FINAL RESULT:
 total energy                 =     -74.09075 +/- 0.11297 E_h
 block average energy         =     -74.09075 E_h
 variance (of wave function)  =      12.69777 E_h^2
 N_corr (<5%)                 =       8.4
 N_corr (global)              =       5.8

 WARNING: stddev and global N_corr may be unreliable
  (block_len < 20*N_corr)

 sample accumulation: new total sample size is          600

 wall clock time for   qmc :               0.25 s
 cpu time (master) for qmc :               0.25 s



 =======>      $sample - creating or modifying the walker sample      <=======

 removing outliers

  using trimmed mean (parallel version)
  parallel merge required:   9.8347664E-07  sec.
  trimmed mean =      -73.823  sigma =        2.237
      0 walkers will be deleted and not replaced
      0 processes attempted to exceed the limit of      90 deletions

  after outlier removal:
  final total walker size=     600 E_mean=      -73.99380 +/-    0.14398 var=          12.42

 wall clock time for   sample :               0.00 s
 cpu time (master) for sample :               0.00 s



 =======>      $optimize_parameters - optimizing wave function parameters      <=======

 initializing jastrow parameters with np=           3  ne=           10
 params = jastrow    method = varmin    param mode=  1

   - -  varmin (nl2sol) optimization  - -

  E_ref =       -76.0000
  starting wf parameter optimization with optType=jastrow  
 initial parameters:
    0.0000    0.0000    0.0000
 initial values: Emean =     -73.99380 var =      12.41782 varRef =       0.00000
  
 NL2SOL:    Iteration limit.
  
 Parameters after optimization: 
   -0.3460   -0.8428    0.0014
 Emean(after opt) =    -76.48825 var =       2.43059 varRef =       2.66897

 ================>     calling subroutine aeq

 =======>      $sample - creating or modifying the walker sample      <=======

 changing size of sample
 sample size has been reduced by     599 to       1 walkers per node
 

 wall clock time for   sample :               0.00 s
 cpu time (master) for sample :               0.00 s



 =======>      $qmc - running a qmc calculation      <=======


   * * *  VMC calculation  * * *

    QMC parameters:

                 tau =     0.21139             adapt tau =           T
        total walker =           1          local walker =           1
               steps =         300               discard =         300
           block_len =         100          walker_block =           1
         step_stride =          10
 target accept ratio =     0.50000
               E_ref =     0.00000                  wfac =     1.00000
        E_loc_cutoff =           F                factor =     1.00000
        kill_persist =           F           max_persist =           0
        load balance =           F                branch =           F
      future walking =           F       pop ctrl = global
              Reconf =           F             RcfMethod =           1
          accumulate =           F
 
    propagator parameters:

              weight =        none                  move =     Umrigar
            moveType =         all
                 tau =     0.21139            drift_scal =     1.00000
             AR step =           T             rej_cross =           F
     expon. sampling =           T
 

             step       size              <E>                   <V>     AR 
 --------------------------------------------------------------------------
            100         1       -76.77248 +/-   0.10516     1.095   0.170
            200         1       -76.01295 +/-   0.17358     2.983   0.150
            300         1       -75.61606 +/-   0.36696    13.332   0.060

 qmc: Emean =       -75.61606 var =        13.33152

 wall clock time for   qmc :               0.01 s
 cpu time (master) for qmc :               0.01 s



 =======>      $qmc - running a qmc calculation      <=======


   * * *  VMC calculation  * * *

    QMC parameters:

                 tau =     0.21139             adapt tau =           T
        total walker =           1          local walker =           1
               steps =        5990               discard =           1
           block_len =         100          walker_block =           1
         step_stride =          10
 target accept ratio =     0.50000
               E_ref =     0.00000                  wfac =     1.00000
        E_loc_cutoff =           F                factor =     1.00000
        kill_persist =           F           max_persist =           0
        load balance =           F                branch =           F
      future walking =           F       pop ctrl = global
              Reconf =           F             RcfMethod =           1
          accumulate =           T
 
    propagator parameters:

              weight =        none                  move =     Umrigar
            moveType =         all
                 tau =     0.21139            drift_scal =     1.00000
             AR step =           T             rej_cross =           F
     expon. sampling =           T
 

             step       size              <E>                   <V>     AR 
 --------------------------------------------------------------------------
            100         1       -75.99262 +/-   0.18413     3.357   0.110
            200         1       -77.00996 +/-   0.11819     1.383   0.230
            300         1       -77.10928 +/-   0.14714     2.143   0.230
            400         1       -74.45328 +/-   0.30501     9.210   0.080
            500         1       -76.28312 +/-   0.15895     2.501   0.140
            600         1       -74.26831 +/-   0.30415     9.158   0.410
            700         1       -75.58606 +/-   0.19873     3.910   0.460
            800         1       -74.77787 +/-   0.17356     2.982   0.360
            900         1       -76.63498 +/-   0.15849     2.487   0.520
           1000         1       -75.46777 +/-   0.16299     2.630   0.410
           1100         1       -75.44944 +/-   0.21265     4.477   0.460
           1200         1       -76.05071 +/-   0.18582     3.419   0.680
           1300         1       -76.08270 +/-   0.12992     1.671   0.470
           1400         1       -75.32529 +/-   0.19240     3.665   0.620
           1500         1       -75.39554 +/-   0.19846     3.899   0.450
           1600         1       -76.28693 +/-   0.13268     1.743   0.530
           1700         1       -75.32176 +/-   0.14266     2.015   0.490
           1800         1       -76.23806 +/-   0.15656     2.427   0.480
           1900         1       -72.67765 +/-   0.29410     8.563   0.310
           2000         1       -73.44776 +/-   0.30928     9.470   0.410
           2100         1       -76.46469 +/-   0.15695     2.439   0.540
           2200         1       -75.50645 +/-   0.15599     2.409   0.530
           2300         1       -73.99826 +/-   0.62263    38.379   0.530
           2400         1       -75.10141 +/-   0.16637     2.740   0.480
           2500         1       -75.48611 +/-   0.19545     3.782   0.570
           2600         1       -75.46975 +/-   0.13889     1.910   0.240
           2700         1       -75.29745 +/-   0.28897     8.267   0.410
           2800         1       -75.67512 +/-   0.30604     9.272   0.480
           2900         1       -76.52074 +/-   0.15802     2.472   0.470
           3000         1       -75.74996 +/-   0.20306     4.082   0.560
           3100         1       -75.76252 +/-   0.21150     4.428   0.510
           3200         1       -76.49277 +/-   0.15738     2.452   0.530
           3300         1       -75.70806 +/-   0.18681     3.455   0.420
           3400         1       -72.16984 +/-   0.32392    10.388   0.520
           3500         1       -75.15162 +/-   0.27009     7.222   0.500
           3600         1       -75.28340 +/-   0.21721     4.671   0.500
           3700         1       -75.56614 +/-   0.22115     4.842   0.440
           3800         1       -76.17887 +/-   0.24602     5.992   0.620
           3900         1       -75.48546 +/-   0.19374     3.716   0.460
           4000         1       -75.73292 +/-   0.28692     8.150   0.550
           4100         1       -75.01694 +/-   0.30858     9.427   0.430
           4200         1       -76.52625 +/-   0.16070     2.557   0.760
           4300         1       -75.96013 +/-   0.18858     3.521   0.540
           4400         1       -74.31537 +/-   0.24034     5.719   0.500
           4500         1       -76.19290 +/-   0.21201     4.450   0.540
           4600         1       -74.73944 +/-   0.31643     9.913   0.490
           4700         1       -75.83957 +/-   0.23827     5.620   0.610
           4800         1       -74.52772 +/-   0.30770     9.373   0.500
           4900         1       -77.06826 +/-   0.18075     3.234   0.600
           5000         1       -76.01945 +/-   0.22694     5.099   0.450
           5100         1       -76.18507 +/-   0.17233     2.940   0.580
           5200         1       -75.89995 +/-   0.15940     2.515   0.600
           5300         1       -76.08378 +/-   0.22823     5.157   0.440
           5400         1       -76.09506 +/-   0.19361     3.711   0.690
           5500         1       -76.58833 +/-   0.22838     5.163   0.520
           5600         1       -76.02635 +/-   0.17179     2.922   0.560
           5700         1       -74.04684 +/-   0.34833    12.012   0.520
           5800         1       -70.53069 +/-   0.45742    20.714   0.350
           5900         1       -74.38408 +/-   0.29551     8.645   0.480


  FINAL RESULT:
 total energy                 =     -75.43571 +/- 0.15286 E_h
 block average energy         =     -75.43571 E_h
 variance (of wave function)  =       7.03092 E_h^2
 tau (adapted)                =        0.0555 fixed at step         3500
 N_corr (<5%)                 >       500
 N_corr (global)              =      19.3

 WARNING: stddev and global N_corr may be unreliable
  (block_len < 20*N_corr)

 sample accumulation: new total sample size is          600

 wall clock time for   qmc :               0.25 s
 cpu time (master) for qmc :               0.25 s



 =======>      $save_results - storing current results      <=======


 =======>      $sample - creating or modifying the walker sample      <=======

 removing outliers

  using trimmed mean (parallel version)
  parallel merge required:   9.5367432E-07  sec.
  trimmed mean =      -75.681  sigma =        1.495
      1 walkers will be deleted and not replaced
      0 processes attempted to exceed the limit of      90 deletions

  after outlier removal:
  final total walker size=     599 E_mean=      -75.49694 +/-    0.10183 var=           6.20

 wall clock time for   sample :               0.00 s
 cpu time (master) for sample :               0.00 s



 =============>    end subroutine aeq

  E_ref =       -76.0000
  starting wf parameter optimization with optType=jastrow  
 initial parameters:
   -0.3460   -0.8428    0.0014
 initial values: Emean =     -75.49694 var =       6.20127 varRef =       2.66897
  
 NL2SOL:    Iteration limit.
  
 Parameters after optimization: 
   -0.2803   -0.6434   -0.0630
 Emean(after opt) =    -75.73338 var =       4.57351 varRef =       4.64460

 wall clock time for   optimize_parameters :               0.53 s
 cpu time (master) for optimize_parameters :               0.53 s



 =======>      $sample - creating or modifying the walker sample      <=======

 changing size of sample
 sample size has been reduced by     598 to       1 walkers per node
 

 wall clock time for   sample :               0.00 s
 cpu time (master) for sample :               0.00 s



 =======>      $qmc - running a qmc calculation      <=======


   * * *  VMC calculation  * * *

    QMC parameters:

                 tau =     0.05546             adapt tau =           T
        total walker =           1          local walker =           1
               steps =         300               discard =         300
           block_len =         100          walker_block =           1
         step_stride =          10
 target accept ratio =     0.50000
               E_ref =     0.00000                  wfac =     1.00000
        E_loc_cutoff =           F                factor =     1.00000
        kill_persist =           F           max_persist =           0
        load balance =           F                branch =           F
      future walking =           F       pop ctrl = global
              Reconf =           F             RcfMethod =           1
          accumulate =           F
 
    propagator parameters:

              weight =        none                  move =     Umrigar
            moveType =         all
                 tau =     0.05546            drift_scal =     1.00000
             AR step =           T             rej_cross =           F
     expon. sampling =           T
 

             step       size              <E>                   <V>     AR 
 --------------------------------------------------------------------------
            100         1       -76.33408 +/-   0.20736     4.257   0.600
            200         1       -76.10988 +/-   0.15810     2.475   0.650
            300         1       -76.63537 +/-   0.13055     1.687   0.580

 qmc: Emean =       -76.63537 var =         1.68717

 wall clock time for   qmc :               0.01 s
 cpu time (master) for qmc :               0.01 s



 =======>      $qmc - running a qmc calculation      <=======


   * * *  VMC calculation  * * *

    QMC parameters:

                 tau =     0.05546             adapt tau =           T
        total walker =           1          local walker =           1
               steps =        5990               discard =           1
           block_len =         100          walker_block =           1
         step_stride =          10
 target accept ratio =     0.50000
               E_ref =     0.00000                  wfac =     1.00000
        E_loc_cutoff =           F                factor =     1.00000
        kill_persist =           F           max_persist =           0
        load balance =           F                branch =           F
      future walking =           F       pop ctrl = global
              Reconf =           F             RcfMethod =           1
          accumulate =           T
 
    propagator parameters:

              weight =        none                  move =     Umrigar
            moveType =         all
                 tau =     0.05546            drift_scal =     1.00000
             AR step =           T             rej_cross =           F
     expon. sampling =           T
 

             step       size              <E>                   <V>     AR 
 --------------------------------------------------------------------------
            100         1       -76.84176 +/-   0.17674     3.092   0.510
            200         1       -75.70446 +/-   0.17606     3.069   0.620
            300         1       -76.55326 +/-   0.15264     2.307   0.560
            400         1       -76.38253 +/-   0.16582     2.722   0.600
            500         1       -76.51564 +/-   0.14924     2.205   0.690
            600         1       -75.86697 +/-   0.15071     2.249   0.570
            700         1       -75.31731 +/-   0.22849     5.169   0.450
            800         1       -75.84222 +/-   0.20684     4.236   0.490
            900         1       -76.39438 +/-   0.16132     2.577   0.730
           1000         1       -75.70326 +/-   0.23727     5.573   0.480
           1100         1       -76.42005 +/-   0.16616     2.733   0.600
           1200         1       -76.26609 +/-   0.12311     1.500   0.480
           1300         1       -76.58970 +/-   0.16261     2.618   0.460
           1400         1       -75.18073 +/-   0.17369     2.987   0.340
           1500         1       -75.20627 +/-   0.20710     4.246   0.410
           1600         1       -75.83973 +/-   0.16008     2.537   0.510
           1700         1       -75.03378 +/-   0.18211     3.283   0.500
           1800         1       -76.17515 +/-   0.13515     1.808   0.430
           1900         1       -76.91251 +/-   0.15359     2.335   0.480
           2000         1       -75.24850 +/-   0.18953     3.556   0.440
           2100         1       -76.33512 +/-   0.12218     1.478   0.530
           2200         1       -75.73424 +/-   0.21641     4.637   0.460
           2300         1       -75.64802 +/-   0.15225     2.295   0.500
           2400         1       -76.07110 +/-   0.21766     4.690   0.520
           2500         1       -76.46078 +/-   0.15461     2.366   0.720
           2600         1       -75.66723 +/-   0.15403     2.349   0.410
           2700         1       -76.35444 +/-   0.20695     4.240   0.590
           2800         1       -76.20961 +/-   0.14412     2.056   0.500
           2900         1       -76.67063 +/-   0.14447     2.066   0.690
           3000         1       -76.14726 +/-   0.16849     2.810   0.370
           3100         1       -76.76638 +/-   0.12309     1.500   0.540
           3200         1       -76.53404 +/-   0.18805     3.501   0.540
           3300         1       -77.54957 +/-   0.18922     3.545   0.470
           3400         1       -76.53427 +/-   0.18902     3.537   0.530
           3500         1       -76.29398 +/-   0.14919     2.203   0.700
           3600         1       -75.32776 +/-   0.17414     3.002   0.460
           3700         1       -76.58727 +/-   0.13873     1.905   0.520
           3800         1       -76.45510 +/-   0.16818     2.800   0.550
           3900         1       -76.40834 +/-   0.14728     2.148   0.660
           4000         1       -76.36521 +/-   0.19635     3.817   0.460
           4100         1       -75.93946 +/-   0.18250     3.297   0.320
           4200         1       -76.65654 +/-   0.17140     2.908   0.480
           4300         1       -76.58640 +/-   0.11746     1.366   0.410
           4400         1       -76.80535 +/-   0.13265     1.742   0.410
           4500         1       -76.06821 +/-   0.19055     3.595   0.450
           4600         1       -76.52486 +/-   0.15452     2.364   0.480
           4700         1       -76.78759 +/-   0.19545     3.782   0.630
           4800         1       -76.44055 +/-   0.16675     2.753   0.540
           4900         1       -75.24378 +/-   0.19044     3.590   0.520
           5000         1       -76.34637 +/-   0.16748     2.777   0.460
           5100         1       -76.95078 +/-   0.12464     1.538   0.580
           5200         1       -76.27266 +/-   0.17454     3.016   0.510
           5300         1       -76.16892 +/-   0.18986     3.568   0.470
           5400         1       -76.08081 +/-   0.16378     2.656   0.450
           5500         1       -76.16276 +/-   0.15590     2.406   0.410
           5600         1       -76.60097 +/-   0.14011     1.943   0.610
           5700         1       -75.96517 +/-   0.15081     2.252   0.440
           5800         1       -76.47248 +/-   0.25976     6.680   0.530
           5900         1       -76.13493 +/-   0.22972     5.224   0.570


  FINAL RESULT:
 total energy                 =     -76.20887 +/- 0.06634 E_h
 block average energy         =     -76.20887 E_h
 variance (of wave function)  =       3.22482 E_h^2
 N_corr (<5%)                 =      13.2
 N_corr (global)              =       7.9

 WARNING: stddev and global N_corr may be unreliable
  (block_len < 20*N_corr)

 sample accumulation: new total sample size is          600

 wall clock time for   qmc :               0.25 s
 cpu time (master) for qmc :               0.25 s



 =======>      $save_results - storing current results      <=======


 =======>      $print_results - printing stored results      <=======


table of results:

   i          E            stddev           var
 -------------------------------------------------------
    1      -75.43571        0.15286          7.031
    2      -76.20887        0.06634          3.225
-------------------------------------------------------



 wall clock time for run         :   0d 00:00:01.067
 total cpu time for run (core-h) :            0.0003
 cpu time per mpi process (h)    :            0.0003

Amolqc run finished on Fri Apr  1 11:30:14 2016  

Bye!


