

              __  __    ____    _         ____     _____   
      /\     |  \/  |  / __ \  | |       / __ \   / ____|  
     /  \    | \  / | | |  | | | |      | |  | | | |       
    / /\ \   | |\/| | | |  | | | |      | |  | | | |       
   / ____ \  | |  | | | |__| | | |____  | |__| | | |____   
  /_/    \_\ |_|  |_|  \____/  |______|  \___\_\  \_____|  


 Atoms and Molecules with Quantum Monte Carlo -- electron structure code

 initial version:
  Arne Luechow, Penn State University, 2/1996

 main author:
  Arne Luechow, RWTH Aachen University, 52056 Aachen, Germany

 with contributions from:
  James B. Anderson
  Sebastian Manten, Christian Diedrich, Annika Bande, Tony Scott,
  Rene Petz, Raphael Berner, Alexander Sturm, Kaveh Haghighi Mood


 version 2016-03-24 dc9bcb8  (HEAD, origin/dev, origin/amn, dev, amn)


 run started on  at Fri Apr  1 11:30:07 2016 on    1 processor(s)
 using path: /home/kaveh/amolqc/

 =======>      $gen - initializing RNG and setting general parameters       <=======

 seed =    101     verbose level = 2

 =======>      $wf - wave function      <=======

 wave function settings:
    with BLAS/LAPACK      
    cusp-corrected splines for contracted GTOs

 using sequential AO and MO mode 
 
 wave function ../../wavefunction/H2O.wf with: 
           title =Watersingle
           basis =       TZPAE       MO format =         gau         jastrow =   none     
          charge =     0                  spin =     1                 coord =  angstrom  
  atomic_charges =      F      same_atoms =      F    no_H_jastrow =      F
 
  geometry (in angstrom):
O    0.00000   0.00000   0.11765
H    0.00000   0.76012  -0.47059
H    0.00000  -0.76012  -0.47059
 

 basis set:
 basis name: TZPAE.abs
 different basis functions  =   17
 individual basis functions =   32

 basis read ...


 calculation with   10 electrons
   5 alpha and    5 beta

 Jastrow factor of type none read with:
  Jastrow factor read ...
 
 AO/MO evaluation carried out using aocalc and mocalc.
 
  MOs read ...
  CSFs read ...

 =======>      $sample - creating or modifying the walker sample      <=======

 creating new sample

 created initial random sample using atom densities
 sample size (all nodes):            1
 <E>_allnodes =     -79.8631 +/-       0.0000 V_allnodes =       0.0000
 

 wall clock time for   sample :               0.00 s
 cpu time (master) for sample :               0.00 s



 =======>      $qmc - running a qmc calculation      <=======


   * * *  VMC calculation  * * *

    QMC parameters:

                 tau =     0.01733             adapt tau =           T
        total walker =           1          local walker =           1
               steps =         300               discard =         300
           block_len =         100          walker_block =           1
         step_stride =          10
 target accept ratio =     0.50000
               E_ref =     0.00000                  wfac =     1.00000
        E_loc_cutoff =           F                factor =     1.00000
        kill_persist =           F           max_persist =           0
        load balance =           F                branch =           F
      future walking =           F       pop ctrl = global
              Reconf =           F             RcfMethod =           1
          accumulate =           F
 
    propagator parameters:

              weight =        none                  move =     Umrigar
            moveType =         all
                 tau =     0.01733            drift_scal =     1.00000
             AR step =           T             rej_cross =           F
     expon. sampling =           T
 

             step       size              <E>                   <V>     AR 
 --------------------------------------------------------------------------
            100         1       -77.12370 +/-   0.25350     6.362   0.670
            200         1       -75.10129 +/-   0.57217    32.411   0.810
            300         1       -77.31530 +/-   0.22509     5.016   0.860

 qmc: Emean =       -77.31530 var =         5.01589

 wall clock time for   qmc :               0.01 s
 cpu time (master) for qmc :               0.01 s



 =======>      $change_jastrow - changing Jastrow terms      <=======

 changing Jastrow type from none to ic222

  Schmidt-Moskowitz radial function
   1 ee terms,    2 en terms,    0 een terms

 =======>      $qmc - running a qmc calculation      <=======


   * * *  VMC calculation  * * *

    QMC parameters:

                 tau =     0.01733             adapt tau =           T
        total walker =           1          local walker =           1
               steps =         300               discard =         300
           block_len =         100          walker_block =           1
         step_stride =          10
 target accept ratio =     0.50000
               E_ref =     0.00000                  wfac =     1.00000
        E_loc_cutoff =           F                factor =     1.00000
        kill_persist =           F           max_persist =           0
        load balance =           F                branch =           F
      future walking =           F       pop ctrl = global
              Reconf =           F             RcfMethod =           1
          accumulate =           F
 
    propagator parameters:

              weight =        none                  move =     Umrigar
            moveType =         all
                 tau =     0.01733            drift_scal =     1.00000
             AR step =           T             rej_cross =           F
     expon. sampling =           T
 

             step       size              <E>                   <V>     AR 
 --------------------------------------------------------------------------
            100         1       -74.93266 +/-   0.22305     4.926   0.790
            200         1       -76.09903 +/-   0.23932     5.670   0.850
            300         1       -76.15198 +/-   0.31760     9.986   0.740

 qmc: Emean =       -76.15198 var =         9.98608

 wall clock time for   qmc :               0.01 s
 cpu time (master) for qmc :               0.01 s



 =======>      $qmc - running a qmc calculation      <=======


   * * *  VMC calculation  * * *

    QMC parameters:

                 tau =     0.01733             adapt tau =           T
        total walker =           1          local walker =           1
               steps =        5990               discard =           1
           block_len =         100          walker_block =           1
         step_stride =          10
 target accept ratio =     0.50000
               E_ref =     0.00000                  wfac =     1.00000
        E_loc_cutoff =           F                factor =     1.00000
        kill_persist =           F           max_persist =           0
        load balance =           F                branch =           F
      future walking =           F       pop ctrl = global
              Reconf =           F             RcfMethod =           1
          accumulate =           T
 
    propagator parameters:

              weight =        none                  move =     Umrigar
            moveType =         all
                 tau =     0.01733            drift_scal =     1.00000
             AR step =           T             rej_cross =           F
     expon. sampling =           T
 

             step       size              <E>                   <V>     AR 
 --------------------------------------------------------------------------
            100         1       -74.68280 +/-   0.19135     3.625   0.840
            200         1       -76.79209 +/-   0.27456     7.463   0.770
            300         1       -72.69256 +/-   0.30323     9.103   0.870
            400         1       -72.11393 +/-   0.23011     5.242   0.840
            500         1       -74.94248 +/-   0.28237     7.894   0.820
            600         1       -75.25196 +/-   0.26947     7.189   0.670
            700         1       -73.95388 +/-   0.27934     7.725   0.830
            800         1       -75.30522 +/-   0.27077     7.258   0.680
            900         1       -75.53952 +/-   0.32948    10.747   0.690
           1000         1       -74.19904 +/-   0.32397    10.391   0.710
           1100         1       -73.83221 +/-   0.23100     5.283   0.650
           1200         1       -74.46946 +/-   0.26090     6.739   0.550
           1300         1       -75.33266 +/-   0.36876    13.462   0.610
           1400         1       -74.30253 +/-   0.26789     7.105   0.630
           1500         1       -74.54467 +/-   0.26418     6.909   0.660
           1600         1       -73.59959 +/-   0.28431     8.003   0.550
           1700         1       -74.82602 +/-   0.23937     5.673   0.540
           1800         1       -74.25279 +/-   0.33861    11.351   0.610
           1900         1       -74.95835 +/-   0.37742    14.102   0.510
           2000         1       -75.27932 +/-   0.31188     9.630   0.470
           2100         1       -74.26008 +/-   0.25793     6.586   0.370
           2200         1       -74.57706 +/-   0.30814     9.400   0.480
           2300         1       -76.42675 +/-   0.34484    11.772   0.400
           2400         1       -75.23597 +/-   0.23897     5.654   0.390
           2500         1       -74.80678 +/-   0.26539     6.973   0.550
           2600         1       -75.22206 +/-   0.26756     7.087   0.620
           2700         1       -74.16783 +/-   0.26885     7.156   0.520
           2800         1       -74.48776 +/-   0.29151     8.413   0.470
           2900         1       -75.04477 +/-   0.26592     7.001   0.530
           3000         1       -74.84393 +/-   0.30359     9.125   0.590
           3100         1       -74.10664 +/-   0.28563     8.077   0.570
           3200         1       -73.82236 +/-   0.40829    16.504   0.450
           3300         1       -75.00805 +/-   0.26514     6.960   0.540
           3400         1       -73.85989 +/-   0.35616    12.558   0.610
           3500         1       -75.14859 +/-   0.32961    10.755   0.430
           3600         1       -73.44901 +/-   0.23811     5.613   0.490
           3700         1       -73.82742 +/-   0.31540     9.848   0.490
           3800         1       -74.77557 +/-   0.26917     7.173   0.370
           3900         1       -75.15115 +/-   0.30501     9.210   0.470
           4000         1       -74.51733 +/-   0.42385    17.785   0.580
           4100         1       -74.79604 +/-   0.26147     6.768   0.550
           4200         1       -75.22787 +/-   0.23798     5.607   0.510
           4300         1       -74.59862 +/-   0.32561    10.496   0.490
           4400         1       -74.63184 +/-   0.28471     8.025   0.510
           4500         1       -73.71644 +/-   0.26333     6.865   0.540
           4600         1       -74.73334 +/-   0.22828     5.159   0.450
           4700         1       -74.24731 +/-   0.31351     9.731   0.530
           4800         1       -74.49586 +/-   0.28316     7.938   0.530
           4900         1       -73.98261 +/-   0.22001     4.792   0.460
           5000         1       -75.48485 +/-   0.25221     6.297   0.400
           5100         1       -75.20573 +/-   0.32279    10.315   0.540
           5200         1       -75.19707 +/-   0.33290    10.972   0.360
           5300         1       -75.26706 +/-   0.29243     8.466   0.290
           5400         1       -74.40356 +/-   0.34789    11.982   0.430
           5500         1       -73.66915 +/-   0.31571     9.868   0.340
           5600         1       -75.11810 +/-   0.36287    13.035   0.520
           5700         1       -75.84404 +/-   0.31602     9.887   0.600
           5800         1       -75.33498 +/-   0.29750     8.762   0.460
           5900         1       -74.65613 +/-   0.26536     6.971   0.740


  FINAL RESULT:
 total energy                 =     -74.64781 +/- 0.10232 E_h
 block average energy         =     -74.64781 E_h
 variance (of wave function)  =       9.25946 E_h^2
 N_corr (<5%)                 =       8.5
 N_corr (global)              =       6.6

 WARNING: stddev and global N_corr may be unreliable
  (block_len < 20*N_corr)

 sample accumulation: new total sample size is          600

 wall clock time for   qmc :               0.25 s
 cpu time (master) for qmc :               0.25 s



 =======>      $sample - creating or modifying the walker sample      <=======

 removing outliers

  using trimmed mean (parallel version)
  parallel merge required:   0.0000000E+00  sec.
  trimmed mean =      -74.588  sigma =        1.862
      0 walkers will be deleted and not replaced
      0 processes attempted to exceed the limit of      90 deletions

  after outlier removal:
  final total walker size=     600 E_mean=      -74.68683 +/-    0.12084 var=           8.75

 wall clock time for   sample :               0.00 s
 cpu time (master) for sample :               0.00 s



 =======>      $optimize_parameters - optimizing wave function parameters      <=======

 initializing jastrow parameters with np=           3  ne=           10
 params = jastrow    method = varmin    param mode=  1

   - -  varmin (nl2sol) optimization  - -

  E_ref =       -76.0000
  starting wf parameter optimization with optType=jastrow  
 initial parameters:
    0.0000    0.0000    0.0000
 initial values: Emean =     -74.68683 var =       8.74639 varRef =       0.00000
  
 NL2SOL:    Iteration limit.
  
 Parameters after optimization: 
   -0.4081   -0.8868    0.0324
 Emean(after opt) =    -75.96906 var =       2.23675 varRef =       2.23771

 ================>     calling subroutine aeq

 =======>      $sample - creating or modifying the walker sample      <=======

 changing size of sample
 sample size has been reduced by     599 to       1 walkers per node
 

 wall clock time for   sample :               0.00 s
 cpu time (master) for sample :               0.00 s



 =======>      $qmc - running a qmc calculation      <=======


   * * *  VMC calculation  * * *

    QMC parameters:

                 tau =     0.14923             adapt tau =           T
        total walker =           1          local walker =           1
               steps =         300               discard =         300
           block_len =         100          walker_block =           1
         step_stride =          10
 target accept ratio =     0.50000
               E_ref =     0.00000                  wfac =     1.00000
        E_loc_cutoff =           F                factor =     1.00000
        kill_persist =           F           max_persist =           0
        load balance =           F                branch =           F
      future walking =           F       pop ctrl = global
              Reconf =           F             RcfMethod =           1
          accumulate =           F
 
    propagator parameters:

              weight =        none                  move =     Umrigar
            moveType =         all
                 tau =     0.14923            drift_scal =     1.00000
             AR step =           T             rej_cross =           F
     expon. sampling =           T
 

             step       size              <E>                   <V>     AR 
 --------------------------------------------------------------------------
            100         1       -76.30356 +/-   0.13557     1.819   0.360
            200         1       -75.89321 +/-   0.14305     2.026   0.200
            300         1       -76.57968 +/-   0.10870     1.170   0.350

 qmc: Emean =       -76.57968 var =         1.16967

 wall clock time for   qmc :               0.01 s
 cpu time (master) for qmc :               0.01 s



 =======>      $qmc - running a qmc calculation      <=======


   * * *  VMC calculation  * * *

    QMC parameters:

                 tau =     0.14923             adapt tau =           T
        total walker =           1          local walker =           1
               steps =        5990               discard =           1
           block_len =         100          walker_block =           1
         step_stride =          10
 target accept ratio =     0.50000
               E_ref =     0.00000                  wfac =     1.00000
        E_loc_cutoff =           F                factor =     1.00000
        kill_persist =           F           max_persist =           0
        load balance =           F                branch =           F
      future walking =           F       pop ctrl = global
              Reconf =           F             RcfMethod =           1
          accumulate =           T
 
    propagator parameters:

              weight =        none                  move =     Umrigar
            moveType =         all
                 tau =     0.14923            drift_scal =     1.00000
             AR step =           T             rej_cross =           F
     expon. sampling =           T
 

             step       size              <E>                   <V>     AR 
 --------------------------------------------------------------------------
            100         1       -76.20170 +/-   0.14692     2.137   0.310
            200         1       -75.64663 +/-   0.20046     3.978   0.260
            300         1       -76.80883 +/-   0.14090     1.966   0.320
            400         1       -76.50729 +/-   0.15242     2.300   0.400
            500         1       -76.36831 +/-   0.11917     1.406   0.420
            600         1       -75.85934 +/-   0.13558     1.820   0.340
            700         1       -75.28928 +/-   0.17752     3.120   0.460
            800         1       -75.64850 +/-   0.13824     1.892   0.370
            900         1       -76.66120 +/-   0.11113     1.223   0.610
           1000         1       -75.99350 +/-   0.20257     4.062   0.490
           1100         1       -76.12363 +/-   0.15811     2.475   0.570
           1200         1       -75.24665 +/-   0.21758     4.687   0.530
           1300         1       -75.92783 +/-   0.15205     2.289   0.400
           1400         1       -76.12700 +/-   0.14869     2.189   0.610
           1500         1       -76.25222 +/-   0.13272     1.744   0.550
           1600         1       -76.46812 +/-   0.13185     1.721   0.570
           1700         1       -76.55440 +/-   0.15613     2.413   0.400
           1800         1       -74.93742 +/-   0.23609     5.518   0.390
           1900         1       -76.06800 +/-   0.18154     3.263   0.400
           2000         1       -75.67761 +/-   0.20421     4.128   0.470
           2100         1       -76.80410 +/-   0.15571     2.400   0.590
           2200         1       -74.53637 +/-   0.19242     3.666   0.460
           2300         1       -75.75704 +/-   0.19093     3.609   0.520
           2400         1       -74.97048 +/-   0.24801     6.090   0.520
           2500         1       -75.24919 +/-   0.16788     2.790   0.480
           2600         1       -75.49936 +/-   0.17310     2.966   0.480
           2700         1       -76.69681 +/-   0.11618     1.336   0.360
           2800         1       -76.19970 +/-   0.16862     2.815   0.500
           2900         1       -75.37362 +/-   0.16838     2.807   0.470
           3000         1       -76.28337 +/-   0.14719     2.145   0.490
           3100         1       -76.42736 +/-   0.16230     2.608   0.550
           3200         1       -76.32925 +/-   0.11846     1.389   0.480
           3300         1       -74.98399 +/-   0.20252     4.060   0.370
           3400         1       -75.92534 +/-   0.19202     3.650   0.440
           3500         1       -75.45427 +/-   0.16269     2.620   0.550
           3600         1       -76.33028 +/-   0.11179     1.237   0.410
           3700         1       -76.33187 +/-   0.12172     1.467   0.540
           3800         1       -75.43361 +/-   0.17907     3.174   0.480
           3900         1       -74.91118 +/-   0.19245     3.667   0.640
           4000         1       -75.85059 +/-   0.15729     2.449   0.640
           4100         1       -75.96339 +/-   0.15201     2.288   0.550
           4200         1       -76.79373 +/-   0.13536     1.814   0.530
           4300         1       -76.58001 +/-   0.11860     1.393   0.610
           4400         1       -75.84556 +/-   0.13695     1.857   0.650
           4500         1       -75.87787 +/-   0.13583     1.827   0.530
           4600         1       -76.36775 +/-   0.13999     1.940   0.580
           4700         1       -76.62832 +/-   0.11148     1.230   0.430
           4800         1       -75.93114 +/-   0.18301     3.316   0.390
           4900         1       -75.31952 +/-   0.15254     2.304   0.390
           5000         1       -74.10118 +/-   0.26147     6.768   0.360
           5100         1       -75.35967 +/-   0.21584     4.612   0.390
           5200         1       -75.89018 +/-   0.22036     4.807   0.520
           5300         1       -76.89693 +/-   0.13856     1.901   0.610
           5400         1       -76.30129 +/-   0.16032     2.545   0.460
           5500         1       -76.83626 +/-   0.12769     1.614   0.470
           5600         1       -75.23639 +/-   0.14419     2.058   0.400
           5700         1       -75.82597 +/-   0.14327     2.032   0.560
           5800         1       -76.58745 +/-   0.14999     2.227   0.600
           5900         1       -76.64053 +/-   0.13020     1.678   0.510


  FINAL RESULT:
 total energy                 =     -75.94404 +/- 0.08133 E_h
 block average energy         =     -75.94404 E_h
 variance (of wave function)  =       3.08680 E_h^2
 N_corr (<5%)                 =      49.9
 N_corr (global)              =      12.4

 WARNING: stddev and global N_corr may be unreliable
  (block_len < 20*N_corr)

 sample accumulation: new total sample size is          600

 wall clock time for   qmc :               0.24 s
 cpu time (master) for qmc :               0.24 s



 =======>      $save_results - storing current results      <=======


 =======>      $sample - creating or modifying the walker sample      <=======

 removing outliers

  using trimmed mean (parallel version)
  parallel merge required:   0.0000000E+00  sec.
  trimmed mean =      -76.115  sigma =        1.088
      0 walkers will be deleted and not replaced
      0 processes attempted to exceed the limit of      90 deletions

  after outlier removal:
  final total walker size=     600 E_mean=      -75.93850 +/-    0.07123 var=           3.04

 wall clock time for   sample :               0.00 s
 cpu time (master) for sample :               0.00 s



 =============>    end subroutine aeq

  E_ref =       -76.0000
  starting wf parameter optimization with optType=jastrow  
 initial parameters:
   -0.4081   -0.8868    0.0324
 initial values: Emean =     -75.93850 var =       3.03886 varRef =       2.23771
  
 NL2SOL:    Iteration limit.
  
 Parameters after optimization: 
   -0.3067   -0.7709   -0.0275
 Emean(after opt) =    -76.04077 var =       2.45167 varRef =       2.45333

 wall clock time for   optimize_parameters :               0.51 s
 cpu time (master) for optimize_parameters :               0.51 s



 =======>      $sample - creating or modifying the walker sample      <=======

 changing size of sample
 sample size has been reduced by     599 to       1 walkers per node
 

 wall clock time for   sample :               0.00 s
 cpu time (master) for sample :               0.00 s



 =======>      $qmc - running a qmc calculation      <=======


   * * *  VMC calculation  * * *

    QMC parameters:

                 tau =     0.07855             adapt tau =           T
        total walker =           1          local walker =           1
               steps =         300               discard =         300
           block_len =         100          walker_block =           1
         step_stride =          10
 target accept ratio =     0.50000
               E_ref =     0.00000                  wfac =     1.00000
        E_loc_cutoff =           F                factor =     1.00000
        kill_persist =           F           max_persist =           0
        load balance =           F                branch =           F
      future walking =           F       pop ctrl = global
              Reconf =           F             RcfMethod =           1
          accumulate =           F
 
    propagator parameters:

              weight =        none                  move =     Umrigar
            moveType =         all
                 tau =     0.07855            drift_scal =     1.00000
             AR step =           T             rej_cross =           F
     expon. sampling =           T
 

             step       size              <E>                   <V>     AR 
 --------------------------------------------------------------------------
            100         1       -75.89266 +/-   0.11789     1.376   0.460
            200         1       -76.41266 +/-   0.13132     1.707   0.560
            300         1       -75.98599 +/-   0.17806     3.139   0.440

 qmc: Emean =       -75.98599 var =         3.13887

 wall clock time for   qmc :               0.01 s
 cpu time (master) for qmc :               0.01 s



 =======>      $qmc - running a qmc calculation      <=======


   * * *  VMC calculation  * * *

    QMC parameters:

                 tau =     0.07855             adapt tau =           T
        total walker =           1          local walker =           1
               steps =        5990               discard =           1
           block_len =         100          walker_block =           1
         step_stride =          10
 target accept ratio =     0.50000
               E_ref =     0.00000                  wfac =     1.00000
        E_loc_cutoff =           F                factor =     1.00000
        kill_persist =           F           max_persist =           0
        load balance =           F                branch =           F
      future walking =           F       pop ctrl = global
              Reconf =           F             RcfMethod =           1
          accumulate =           T
 
    propagator parameters:

              weight =        none                  move =     Umrigar
            moveType =         all
                 tau =     0.07855            drift_scal =     1.00000
             AR step =           T             rej_cross =           F
     expon. sampling =           T
 

             step       size              <E>                   <V>     AR 
 --------------------------------------------------------------------------
            100         1       -75.77462 +/-   0.13588     1.828   0.550
            200         1       -76.25266 +/-   0.14300     2.025   0.450
            300         1       -76.62108 +/-   0.13351     1.765   0.450
            400         1       -76.14912 +/-   0.13235     1.734   0.680
            500         1       -76.82067 +/-   0.13745     1.870   0.540
            600         1       -76.13753 +/-   0.14934     2.208   0.480
            700         1       -74.79125 +/-   0.26227     6.810   0.430
            800         1       -76.81143 +/-   0.10641     1.121   0.450
            900         1       -76.23922 +/-   0.17979     3.200   0.470
           1000         1       -76.42429 +/-   0.16752     2.778   0.440
           1100         1       -76.60532 +/-   0.10948     1.187   0.650
           1200         1       -75.66801 +/-   0.16699     2.761   0.620
           1300         1       -75.55063 +/-   0.18508     3.391   0.410
           1400         1       -76.24283 +/-   0.14795     2.167   0.670
           1500         1       -76.29962 +/-   0.20070     3.988   0.640
           1600         1       -75.08254 +/-   0.15857     2.489   0.370
           1700         1       -76.60283 +/-   0.14537     2.092   0.490
           1800         1       -76.47412 +/-   0.16562     2.716   0.370
           1900         1       -76.32801 +/-   0.11300     1.264   0.500
           2000         1       -76.07366 +/-   0.13162     1.715   0.500
           2100         1       -76.34741 +/-   0.11020     1.202   0.490
           2200         1       -76.52977 +/-   0.14207     1.998   0.510
           2300         1       -76.51454 +/-   0.14961     2.216   0.520
           2400         1       -76.14335 +/-   0.12476     1.541   0.530
           2500         1       -75.66282 +/-   0.13378     1.772   0.450
           2600         1       -76.46127 +/-   0.13867     1.904   0.670
           2700         1       -75.70040 +/-   0.24792     6.085   0.350
           2800         1       -76.27258 +/-   0.12849     1.634   0.620
           2900         1       -76.06938 +/-   0.13247     1.737   0.520
           3000         1       -76.14623 +/-   0.13236     1.735   0.410
           3100         1       -76.08278 +/-   0.15561     2.397   0.430
           3200         1       -76.36468 +/-   0.14738     2.150   0.500
           3300         1       -76.39991 +/-   0.11544     1.319   0.500
           3400         1       -76.56848 +/-   0.12048     1.437   0.440
           3500         1       -76.20680 +/-   0.25376     6.375   0.510
           3600         1       -76.39137 +/-   0.17874     3.163   0.550
           3700         1       -75.60725 +/-   0.10000     0.990   0.420
           3800         1       -76.11121 +/-   0.12155     1.463   0.630
           3900         1       -76.15253 +/-   0.11439     1.295   0.580
           4000         1       -76.51336 +/-   0.13898     1.912   0.590
           4100         1       -75.98828 +/-   0.14007     1.942   0.390
           4200         1       -75.73402 +/-   0.12595     1.571   0.630
           4300         1       -76.24704 +/-   0.14427     2.061   0.590
           4400         1       -75.91920 +/-   0.12703     1.598   0.520
           4500         1       -75.46914 +/-   0.18159     3.265   0.420
           4600         1       -76.39044 +/-   0.15110     2.260   0.520
           4700         1       -76.72427 +/-   0.11572     1.326   0.510
           4800         1       -76.23206 +/-   0.19036     3.588   0.540
           4900         1       -76.39315 +/-   0.11722     1.360   0.420
           5000         1       -76.00864 +/-   0.15193     2.285   0.540
           5100         1       -76.30124 +/-   0.15745     2.454   0.340
           5200         1       -76.30858 +/-   0.12174     1.467   0.510
           5300         1       -75.84007 +/-   0.14190     1.993   0.460
           5400         1       -75.63375 +/-   0.12207     1.475   0.330
           5500         1       -76.26972 +/-   0.11374     1.281   0.340
           5600         1       -76.07670 +/-   0.18413     3.357   0.570
           5700         1       -76.12439 +/-   0.13695     1.857   0.440
           5800         1       -76.34341 +/-   0.15331     2.327   0.610
           5900         1       -76.24859 +/-   0.10474     1.086   0.580


  FINAL RESULT:
 total energy                 =     -76.16014 +/- 0.05080 E_h
 block average energy         =     -76.16014 E_h
 variance (of wave function)  =       2.38670 E_h^2
 tau (adapted)                =        0.0882 fixed at step         2500
 N_corr (<5%)                 >       500
 N_corr (global)              =       6.3

 WARNING: stddev and global N_corr may be unreliable
  (block_len < 20*N_corr)

 sample accumulation: new total sample size is          600

 wall clock time for   qmc :               0.24 s
 cpu time (master) for qmc :               0.24 s



 =======>      $save_results - storing current results      <=======


 =======>      $print_results - printing stored results      <=======


table of results:

   i          E            stddev           var
 -------------------------------------------------------
    1      -75.94404        0.08133          3.087
    2      -76.16014        0.05080          2.387
-------------------------------------------------------



 wall clock time for run         :   0d 00:00:01.038
 total cpu time for run (core-h) :            0.0003
 cpu time per mpi process (h)    :            0.0003

Amolqc run finished on Fri Apr  1 11:30:08 2016  

Bye!


