

              __  __    ____    _         ____     _____   
      /\     |  \/  |  / __ \  | |       / __ \   / ____|  
     /  \    | \  / | | |  | | | |      | |  | | | |       
    / /\ \   | |\/| | | |  | | | |      | |  | | | |       
   / ____ \  | |  | | | |__| | | |____  | |__| | | |____   
  /_/    \_\ |_|  |_|  \____/  |______|  \___\_\  \_____|  


 Atoms and Molecules with Quantum Monte Carlo -- electron structure code

 initial version:
  Arne Luechow, Penn State University, 2/1996

 main author:
  Arne Luechow, RWTH Aachen University, 52056 Aachen, Germany

 with contributions from:
  James B. Anderson
  Sebastian Manten, Christian Diedrich, Annika Bande, Tony Scott,
  Rene Petz, Raphael Berner, Alexander Sturm, Kaveh Haghighi Mood


 version 2016-03-24 dc9bcb8  (HEAD, origin/dev, origin/amn, dev, amn)


 run started on  at Fri Apr  1 11:30:02 2016 on    1 processor(s)
 using path: /home/kaveh/amolqc/

 =======>      $gen - initializing RNG and setting general parameters       <=======

 seed =    101     verbose level = 2

 =======>      $wf - wave function      <=======

 wave function settings:
    with BLAS/LAPACK      
    cusp-corrected splines for contracted GTOs

 using sequential AO and MO mode 
 
 wave function ../../wavefunction/H2O.wf with: 
           title =Watersingle
           basis =       TZPAE       MO format =         gau         jastrow =   none     
          charge =     0                  spin =     1                 coord =  angstrom  
  atomic_charges =      F      same_atoms =      F    no_H_jastrow =      F
 
  geometry (in angstrom):
O    0.00000   0.00000   0.11765
H    0.00000   0.76012  -0.47059
H    0.00000  -0.76012  -0.47059
 

 basis set:
 basis name: TZPAE.abs
 different basis functions  =   17
 individual basis functions =   32

 basis read ...


 calculation with   10 electrons
   5 alpha and    5 beta

 Jastrow factor of type none read with:
  Jastrow factor read ...
 
 AO/MO evaluation carried out using aocalc and mocalc.
 
  MOs read ...
  CSFs read ...

 =======>      $sample - creating or modifying the walker sample      <=======

 creating new sample

 created initial random sample using atom densities
 sample size (all nodes):            1
 <E>_allnodes =     -79.8631 +/-       0.0000 V_allnodes =       0.0000
 

 wall clock time for   sample :               0.00 s
 cpu time (master) for sample :               0.00 s



 =======>      $qmc - running a qmc calculation      <=======


   * * *  VMC calculation  * * *

    QMC parameters:

                 tau =     0.01733             adapt tau =           T
        total walker =           1          local walker =           1
               steps =         300               discard =         300
           block_len =         100          walker_block =           1
         step_stride =          10
 target accept ratio =     0.50000
               E_ref =     0.00000                  wfac =     1.00000
        E_loc_cutoff =           F                factor =     1.00000
        kill_persist =           F           max_persist =           0
        load balance =           F                branch =           F
      future walking =           F       pop ctrl = global
              Reconf =           F             RcfMethod =           1
          accumulate =           F
 
    propagator parameters:

              weight =        none                  move =     Umrigar
            moveType =         all
                 tau =     0.01733            drift_scal =     1.00000
             AR step =           T             rej_cross =           F
     expon. sampling =           T
 

             step       size              <E>                   <V>     AR 
 --------------------------------------------------------------------------
            100         1       -77.12370 +/-   0.25350     6.362   0.670
            200         1       -75.10129 +/-   0.57217    32.411   0.810
            300         1       -77.31530 +/-   0.22509     5.016   0.860

 qmc: Emean =       -77.31530 var =         5.01589

 wall clock time for   qmc :               0.01 s
 cpu time (master) for qmc :               0.01 s



 =======>      $change_jastrow - changing Jastrow terms      <=======

 changing Jastrow type from none to sm31

  changing SM Jastrow from none to type sm31
  with           16  parameters:
   1.000       1.000       1.000    
  0.5000       0.000       0.000       0.000       0.000       0.000       0.000       0.000       0.000       0.000    
   0.000       0.000       0.000       0.000       0.000       0.000    
   16 generic Schmidt-Moskowitz terms of type sm31

 =======>      $qmc - running a qmc calculation      <=======


   * * *  VMC calculation  * * *

    QMC parameters:

                 tau =     0.01733             adapt tau =           T
        total walker =           1          local walker =           1
               steps =         300               discard =         300
           block_len =         100          walker_block =           1
         step_stride =          10
 target accept ratio =     0.50000
               E_ref =     0.00000                  wfac =     1.00000
        E_loc_cutoff =           F                factor =     1.00000
        kill_persist =           F           max_persist =           0
        load balance =           F                branch =           F
      future walking =           F       pop ctrl = global
              Reconf =           F             RcfMethod =           1
          accumulate =           F
 
    propagator parameters:

              weight =        none                  move =     Umrigar
            moveType =         all
                 tau =     0.01733            drift_scal =     1.00000
             AR step =           T             rej_cross =           F
     expon. sampling =           T
 

             step       size              <E>                   <V>     AR 
 --------------------------------------------------------------------------
            100         1       -74.93266 +/-   0.22305     4.926   0.790
            200         1       -76.09903 +/-   0.23932     5.670   0.850
            300         1       -76.15198 +/-   0.31760     9.986   0.740

 qmc: Emean =       -76.15198 var =         9.98608

 wall clock time for   qmc :               0.01 s
 cpu time (master) for qmc :               0.01 s



 =======>      $qmc - running a qmc calculation      <=======


   * * *  VMC calculation  * * *

    QMC parameters:

                 tau =     0.01733             adapt tau =           T
        total walker =           1          local walker =           1
               steps =        5990               discard =           1
           block_len =         100          walker_block =           1
         step_stride =          10
 target accept ratio =     0.50000
               E_ref =     0.00000                  wfac =     1.00000
        E_loc_cutoff =           F                factor =     1.00000
        kill_persist =           F           max_persist =           0
        load balance =           F                branch =           F
      future walking =           F       pop ctrl = global
              Reconf =           F             RcfMethod =           1
          accumulate =           T
 
    propagator parameters:

              weight =        none                  move =     Umrigar
            moveType =         all
                 tau =     0.01733            drift_scal =     1.00000
             AR step =           T             rej_cross =           F
     expon. sampling =           T
 

             step       size              <E>                   <V>     AR 
 --------------------------------------------------------------------------
            100         1       -74.68280 +/-   0.19135     3.625   0.840
            200         1       -76.79209 +/-   0.27456     7.463   0.770
            300         1       -72.69256 +/-   0.30323     9.103   0.870
            400         1       -72.11393 +/-   0.23011     5.242   0.840
            500         1       -74.94248 +/-   0.28237     7.894   0.820
            600         1       -75.25196 +/-   0.26947     7.189   0.670
            700         1       -73.95388 +/-   0.27934     7.725   0.830
            800         1       -75.30522 +/-   0.27077     7.258   0.680
            900         1       -75.53952 +/-   0.32948    10.747   0.690
           1000         1       -74.19904 +/-   0.32397    10.391   0.710
           1100         1       -73.83221 +/-   0.23100     5.283   0.650
           1200         1       -74.46946 +/-   0.26090     6.739   0.550
           1300         1       -75.33266 +/-   0.36876    13.462   0.610
           1400         1       -74.30253 +/-   0.26789     7.105   0.630
           1500         1       -74.54467 +/-   0.26418     6.909   0.660
           1600         1       -73.59959 +/-   0.28431     8.003   0.550
           1700         1       -74.82602 +/-   0.23937     5.673   0.540
           1800         1       -74.25279 +/-   0.33861    11.351   0.610
           1900         1       -74.95835 +/-   0.37742    14.102   0.510
           2000         1       -75.27932 +/-   0.31188     9.630   0.470
           2100         1       -74.26008 +/-   0.25793     6.586   0.370
           2200         1       -74.57706 +/-   0.30814     9.400   0.480
           2300         1       -76.42675 +/-   0.34484    11.772   0.400
           2400         1       -75.23597 +/-   0.23897     5.654   0.390
           2500         1       -74.80678 +/-   0.26539     6.973   0.550
           2600         1       -75.22206 +/-   0.26756     7.087   0.620
           2700         1       -74.16783 +/-   0.26885     7.156   0.520
           2800         1       -74.48776 +/-   0.29151     8.413   0.470
           2900         1       -75.04477 +/-   0.26592     7.001   0.530
           3000         1       -74.84393 +/-   0.30359     9.125   0.590
           3100         1       -74.10664 +/-   0.28563     8.077   0.570
           3200         1       -73.82236 +/-   0.40829    16.504   0.450
           3300         1       -75.00805 +/-   0.26514     6.960   0.540
           3400         1       -73.85989 +/-   0.35616    12.558   0.610
           3500         1       -75.14859 +/-   0.32961    10.755   0.430
           3600         1       -73.44901 +/-   0.23811     5.613   0.490
           3700         1       -73.82742 +/-   0.31540     9.848   0.490
           3800         1       -74.77557 +/-   0.26917     7.173   0.370
           3900         1       -75.15115 +/-   0.30501     9.210   0.470
           4000         1       -74.51733 +/-   0.42385    17.785   0.580
           4100         1       -74.79604 +/-   0.26147     6.768   0.550
           4200         1       -75.22787 +/-   0.23798     5.607   0.510
           4300         1       -74.59862 +/-   0.32561    10.496   0.490
           4400         1       -74.63184 +/-   0.28471     8.025   0.510
           4500         1       -73.71644 +/-   0.26333     6.865   0.540
           4600         1       -74.73334 +/-   0.22828     5.159   0.450
           4700         1       -74.24731 +/-   0.31351     9.731   0.530
           4800         1       -74.49586 +/-   0.28316     7.938   0.530
           4900         1       -73.98261 +/-   0.22001     4.792   0.460
           5000         1       -75.48485 +/-   0.25221     6.297   0.400
           5100         1       -75.20573 +/-   0.32279    10.315   0.540
           5200         1       -75.19707 +/-   0.33290    10.972   0.360
           5300         1       -75.26706 +/-   0.29243     8.466   0.290
           5400         1       -74.40356 +/-   0.34789    11.982   0.430
           5500         1       -73.66915 +/-   0.31571     9.868   0.340
           5600         1       -75.11810 +/-   0.36287    13.035   0.520
           5700         1       -75.84404 +/-   0.31602     9.887   0.600
           5800         1       -75.33498 +/-   0.29750     8.762   0.460
           5900         1       -74.65613 +/-   0.26536     6.971   0.740


  FINAL RESULT:
 total energy                 =     -74.64781 +/- 0.10232 E_h
 block average energy         =     -74.64781 E_h
 variance (of wave function)  =       9.25946 E_h^2
 N_corr (<5%)                 =       8.5
 N_corr (global)              =       6.6

 WARNING: stddev and global N_corr may be unreliable
  (block_len < 20*N_corr)

 sample accumulation: new total sample size is          600

 wall clock time for   qmc :               0.27 s
 cpu time (master) for qmc :               0.27 s



 =======>      $sample - creating or modifying the walker sample      <=======

 removing outliers

  using trimmed mean (parallel version)
  parallel merge required:   0.0000000E+00  sec.
  trimmed mean =      -74.588  sigma =        1.862
      0 walkers will be deleted and not replaced
      0 processes attempted to exceed the limit of      90 deletions

  after outlier removal:
  final total walker size=     600 E_mean=      -74.68683 +/-    0.12084 var=           8.75

 wall clock time for   sample :               0.00 s
 cpu time (master) for sample :               0.00 s



 =======>      $optimize_parameters - optimizing wave function parameters      <=======

 initializing jastrow parameters with np=          15  ne=           10
 params = jastrow    method = varmin    param mode=  1

   - -  varmin (nl2sol) optimization  - -

  E_ref =       -76.0000
  starting wf parameter optimization with optType=jastrow  
 initial parameters:
    0.0000    0.0000    0.0000    0.0000    0.0000    0.0000    0.0000    0.0000    0.0000    0.0000
    0.0000    0.0000    0.0000    0.0000    0.0000
 initial values: Emean =     -74.68683 var =       8.74639 varRef =       0.00000
  
 NL2SOL:    Iteration limit.
  
 Parameters after optimization: 
   -0.4267    0.1876   -0.2429   -0.0007   -0.0802    0.0007   -0.3302   -0.4195    0.4383    0.0118
    0.0090   -0.0187   -0.0105    0.0265   -0.0280
 Emean(after opt) =    -76.41512 var =       1.56137 varRef =       1.73370

 ================>     calling subroutine aeq

 =======>      $sample - creating or modifying the walker sample      <=======

 changing size of sample
 sample size has been reduced by     599 to       1 walkers per node
 

 wall clock time for   sample :               0.00 s
 cpu time (master) for sample :               0.00 s



 =======>      $qmc - running a qmc calculation      <=======


   * * *  VMC calculation  * * *

    QMC parameters:

                 tau =     0.14923             adapt tau =           T
        total walker =           1          local walker =           1
               steps =         300               discard =         300
           block_len =         100          walker_block =           1
         step_stride =          10
 target accept ratio =     0.50000
               E_ref =     0.00000                  wfac =     1.00000
        E_loc_cutoff =           F                factor =     1.00000
        kill_persist =           F           max_persist =           0
        load balance =           F                branch =           F
      future walking =           F       pop ctrl = global
              Reconf =           F             RcfMethod =           1
          accumulate =           F
 
    propagator parameters:

              weight =        none                  move =     Umrigar
            moveType =         all
                 tau =     0.14923            drift_scal =     1.00000
             AR step =           T             rej_cross =           F
     expon. sampling =           T
 

             step       size              <E>                   <V>     AR 
 --------------------------------------------------------------------------
            100         1       -76.63080 +/-   0.15797     2.471   0.320
            200         1       -75.71122 +/-   0.11474     1.303   0.250
            300         1       -75.51365 +/-   0.17688     3.097   0.290

 qmc: Emean =       -75.51365 var =         3.09733

 wall clock time for   qmc :               0.01 s
 cpu time (master) for qmc :               0.01 s



 =======>      $qmc - running a qmc calculation      <=======


   * * *  VMC calculation  * * *

    QMC parameters:

                 tau =     0.14923             adapt tau =           T
        total walker =           1          local walker =           1
               steps =        5990               discard =           1
           block_len =         100          walker_block =           1
         step_stride =          10
 target accept ratio =     0.50000
               E_ref =     0.00000                  wfac =     1.00000
        E_loc_cutoff =           F                factor =     1.00000
        kill_persist =           F           max_persist =           0
        load balance =           F                branch =           F
      future walking =           F       pop ctrl = global
              Reconf =           F             RcfMethod =           1
          accumulate =           T
 
    propagator parameters:

              weight =        none                  move =     Umrigar
            moveType =         all
                 tau =     0.14923            drift_scal =     1.00000
             AR step =           T             rej_cross =           F
     expon. sampling =           T
 

             step       size              <E>                   <V>     AR 
 --------------------------------------------------------------------------
            100         1       -76.20085 +/-   0.13758     1.874   0.300
            200         1       -75.28730 +/-   0.16955     2.846   0.220
            300         1       -75.80960 +/-   0.16961     2.848   0.130
            400         1       -75.34856 +/-   0.08328     0.687   0.120
            500         1       -76.53910 +/-   0.11640     1.341   0.410
            600         1       -75.45508 +/-   0.20899     4.324   0.510
            700         1       -75.89897 +/-   0.17491     3.029   0.440
            800         1       -76.30283 +/-   0.10328     1.056   0.320
            900         1       -77.09160 +/-   0.13082     1.694   0.570
           1000         1       -75.83071 +/-   0.13234     1.734   0.500
           1100         1       -75.56397 +/-   0.12351     1.510   0.530
           1200         1       -75.87755 +/-   0.17906     3.174   0.580
           1300         1       -76.74104 +/-   0.11550     1.321   0.540
           1400         1       -76.01600 +/-   0.18931     3.548   0.440
           1500         1       -73.28855 +/-   0.36133    12.925   0.370
           1600         1       -76.31154 +/-   0.14973     2.219   0.410
           1700         1       -75.21076 +/-   0.15625     2.417   0.470
           1800         1       -74.29204 +/-   0.19954     3.942   0.440
           1900         1       -75.07620 +/-   0.23586     5.507   0.450
           2000         1       -73.57571 +/-   0.28746     8.181   0.500
           2100         1       -75.24620 +/-   0.15842     2.485   0.470
           2200         1       -75.78617 +/-   0.17986     3.203   0.570
           2300         1       -75.87382 +/-   0.15589     2.406   0.570
           2400         1       -73.93476 +/-   0.18446     3.368   0.400
           2500         1       -75.80351 +/-   0.16103     2.567   0.400
           2600         1       -76.43773 +/-   0.12153     1.462   0.510
           2700         1       -76.58795 +/-   0.13033     1.682   0.530
           2800         1       -75.50024 +/-   0.19165     3.636   0.510
           2900         1       -75.86164 +/-   0.15176     2.280   0.530
           3000         1       -75.95084 +/-   0.16061     2.554   0.580
           3100         1       -76.55785 +/-   0.11271     1.258   0.560
           3200         1       -76.35953 +/-   0.14823     2.175   0.670
           3300         1       -75.85655 +/-   0.14880     2.192   0.530
           3400         1       -76.15116 +/-   0.15723     2.448   0.470
           3500         1       -76.11590 +/-   0.14938     2.209   0.460
           3600         1       -74.22007 +/-   0.24555     5.969   0.410
           3700         1       -75.78283 +/-   0.20310     4.084   0.640
           3800         1       -76.58854 +/-   0.12089     1.447   0.530
           3900         1       -76.16968 +/-   0.10683     1.130   0.600
           4000         1       -76.56892 +/-   0.10801     1.155   0.670
           4100         1       -74.86649 +/-   0.26974     7.203   0.460
           4200         1       -75.98162 +/-   0.12045     1.436   0.580
           4300         1       -76.85850 +/-   0.12051     1.438   0.690
           4400         1       -75.93688 +/-   0.10375     1.066   0.410
           4500         1       -76.31083 +/-   0.12454     1.536   0.560
           4600         1       -76.41125 +/-   0.11018     1.202   0.580
           4700         1       -76.27820 +/-   0.11307     1.266   0.570
           4800         1       -75.17967 +/-   0.25281     6.327   0.370
           4900         1       -75.67206 +/-   0.20741     4.259   0.600
           5000         1       -76.00643 +/-   0.12541     1.557   0.560
           5100         1       -76.28036 +/-   0.15661     2.428   0.620
           5200         1       -75.40969 +/-   0.15245     2.301   0.470
           5300         1       -77.09700 +/-   0.15825     2.479   0.610
           5400         1       -75.88953 +/-   0.17536     3.044   0.570
           5500         1       -75.22796 +/-   0.11919     1.406   0.360
           5600         1       -76.45143 +/-   0.16464     2.684   0.600
           5700         1       -76.90024 +/-   0.12855     1.636   0.680
           5800         1       -76.59026 +/-   0.39536    15.474   0.480
           5900         1       -75.75394 +/-   0.18583     3.419   0.490


  FINAL RESULT:
 total energy                 =     -75.83346 +/- 0.10359 E_h
 block average energy         =     -75.83346 E_h
 variance (of wave function)  =       3.64015 E_h^2
 tau (adapted)                =        0.0639 fixed at step         1500
 N_corr (<5%)                 =     302.6
 N_corr (global)              =      17.1

 WARNING: stddev and global N_corr may be unreliable
  (block_len < 20*N_corr)

 sample accumulation: new total sample size is          600

 wall clock time for   qmc :               0.26 s
 cpu time (master) for qmc :               0.26 s



 =======>      $save_results - storing current results      <=======


 =======>      $sample - creating or modifying the walker sample      <=======

 removing outliers

  using trimmed mean (parallel version)
  parallel merge required:   0.0000000E+00  sec.
  trimmed mean =      -76.004  sigma =        1.074
      1 walkers will be deleted and not replaced
      0 processes attempted to exceed the limit of      90 deletions

  after outlier removal:
  final total walker size=     599 E_mean=      -75.84025 +/-    0.07351 var=           3.23

 wall clock time for   sample :               0.00 s
 cpu time (master) for sample :               0.00 s



 =============>    end subroutine aeq

  E_ref =       -76.0000
  starting wf parameter optimization with optType=jastrow  
 initial parameters:
   -0.4267    0.1876   -0.2429   -0.0007   -0.0802    0.0007   -0.3302   -0.4195    0.4383    0.0118
    0.0090   -0.0187   -0.0105    0.0265   -0.0280
 initial values: Emean =     -75.84025 var =       3.23174 varRef =       1.73370
  
 NL2SOL:    Iteration limit.
  
 Parameters after optimization: 
   -0.4807    0.3319   -0.3861    0.0062   -0.0126    0.1038   -0.2031   -1.2034    0.8108    0.0199
   -0.0308   -0.0288    0.0355    0.0284   -0.0670
 Emean(after opt) =    -76.60734 var =       1.40694 varRef =       1.77580

 wall clock time for   optimize_parameters :               0.58 s
 cpu time (master) for optimize_parameters :               0.58 s



 =======>      $sample - creating or modifying the walker sample      <=======

 changing size of sample
 sample size has been reduced by     598 to       1 walkers per node
 

 wall clock time for   sample :               0.00 s
 cpu time (master) for sample :               0.00 s



 =======>      $qmc - running a qmc calculation      <=======


   * * *  VMC calculation  * * *

    QMC parameters:

                 tau =     0.06391             adapt tau =           T
        total walker =           1          local walker =           1
               steps =         300               discard =         300
           block_len =         100          walker_block =           1
         step_stride =          10
 target accept ratio =     0.50000
               E_ref =     0.00000                  wfac =     1.00000
        E_loc_cutoff =           F                factor =     1.00000
        kill_persist =           F           max_persist =           0
        load balance =           F                branch =           F
      future walking =           F       pop ctrl = global
              Reconf =           F             RcfMethod =           1
          accumulate =           F
 
    propagator parameters:

              weight =        none                  move =     Umrigar
            moveType =         all
                 tau =     0.06391            drift_scal =     1.00000
             AR step =           T             rej_cross =           F
     expon. sampling =           T
 

             step       size              <E>                   <V>     AR 
 --------------------------------------------------------------------------
            100         1       -76.25694 +/-   0.14164     1.986   0.670
            200         1       -76.85940 +/-   0.11798     1.378   0.600
            300         1       -75.18523 +/-   0.12432     1.530   0.690

 qmc: Emean =       -75.18523 var =         1.53001

 wall clock time for   qmc :               0.01 s
 cpu time (master) for qmc :               0.01 s



 =======>      $qmc - running a qmc calculation      <=======


   * * *  VMC calculation  * * *

    QMC parameters:

                 tau =     0.06391             adapt tau =           T
        total walker =           1          local walker =           1
               steps =        5990               discard =           1
           block_len =         100          walker_block =           1
         step_stride =          10
 target accept ratio =     0.50000
               E_ref =     0.00000                  wfac =     1.00000
        E_loc_cutoff =           F                factor =     1.00000
        kill_persist =           F           max_persist =           0
        load balance =           F                branch =           F
      future walking =           F       pop ctrl = global
              Reconf =           F             RcfMethod =           1
          accumulate =           T
 
    propagator parameters:

              weight =        none                  move =     Umrigar
            moveType =         all
                 tau =     0.06391            drift_scal =     1.00000
             AR step =           T             rej_cross =           F
     expon. sampling =           T
 

             step       size              <E>                   <V>     AR 
 --------------------------------------------------------------------------
            100         1       -76.38152 +/-   0.14682     2.134   0.610
            200         1       -76.96653 +/-   0.09694     0.930   0.640
            300         1       -76.69175 +/-   0.10557     1.103   0.550
            400         1       -76.25388 +/-   0.12403     1.523   0.590
            500         1       -75.64031 +/-   0.12425     1.528   0.680
            600         1       -75.82731 +/-   0.11450     1.298   0.680
            700         1       -75.96033 +/-   0.13267     1.742   0.670
            800         1       -75.97046 +/-   0.10086     1.007   0.540
            900         1       -77.05577 +/-   0.10307     1.052   0.530
           1000         1       -75.63774 +/-   0.11782     1.374   0.630
           1100         1       -75.66216 +/-   0.12279     1.493   0.510
           1200         1       -75.82455 +/-   0.11110     1.222   0.400
           1300         1       -75.65886 +/-   0.12124     1.455   0.480
           1400         1       -76.52568 +/-   0.14173     1.989   0.580
           1500         1       -76.15160 +/-   0.11457     1.299   0.480
           1600         1       -76.55528 +/-   0.08989     0.800   0.440
           1700         1       -76.52220 +/-   0.17123     2.903   0.410
           1800         1       -75.36691 +/-   0.15844     2.485   0.600
           1900         1       -75.53501 +/-   0.10848     1.165   0.540
           2000         1       -75.65135 +/-   0.14902     2.198   0.480
           2100         1       -75.36159 +/-   0.12970     1.665   0.530
           2200         1       -75.76916 +/-   0.11042     1.207   0.580
           2300         1       -75.80752 +/-   0.11698     1.355   0.360
           2400         1       -76.05592 +/-   0.10038     0.997   0.580
           2500         1       -76.15920 +/-   0.14469     2.073   0.550
           2600         1       -75.83311 +/-   0.13928     1.920   0.580
           2700         1       -75.54821 +/-   0.10633     1.119   0.540
           2800         1       -75.80509 +/-   0.14326     2.032   0.580
           2900         1       -75.75861 +/-   0.10278     1.046   0.520
           3000         1       -76.40460 +/-   0.11128     1.226   0.330
           3100         1       -76.37045 +/-   0.09907     0.972   0.370
           3200         1       -76.69142 +/-   0.08184     0.663   0.340
           3300         1       -76.46951 +/-   0.14152     1.983   0.520
           3400         1       -76.21472 +/-   0.10897     1.176   0.690
           3500         1       -76.59815 +/-   0.08716     0.752   0.490
           3600         1       -75.56777 +/-   0.14188     1.993   0.440
           3700         1       -76.78009 +/-   0.08796     0.766   0.450
           3800         1       -76.76450 +/-   0.13204     1.726   0.540
           3900         1       -76.48732 +/-   0.15629     2.418   0.570
           4000         1       -76.50347 +/-   0.10305     1.051   0.440
           4100         1       -76.14179 +/-   0.07660     0.581   0.570
           4200         1       -76.68104 +/-   0.14290     2.022   0.420
           4300         1       -75.85668 +/-   0.13104     1.700   0.530
           4400         1       -75.76247 +/-   0.14558     2.098   0.620
           4500         1       -75.35792 +/-   0.13129     1.707   0.570
           4600         1       -75.14635 +/-   0.11375     1.281   0.610
           4700         1       -75.34466 +/-   0.10375     1.066   0.500
           4800         1       -75.28742 +/-   0.14278     2.018   0.620
           4900         1       -75.67059 +/-   0.18235     3.292   0.550
           5000         1       -75.39562 +/-   0.09993     0.989   0.560
           5100         1       -75.54618 +/-   0.12585     1.568   0.430
           5200         1       -75.85926 +/-   0.11959     1.416   0.460
           5300         1       -76.14353 +/-   0.13922     1.919   0.480
           5400         1       -75.81848 +/-   0.11026     1.204   0.640
           5500         1       -76.49118 +/-   0.08989     0.800   0.390
           5600         1       -75.70798 +/-   0.16008     2.537   0.610
           5700         1       -76.47089 +/-   0.09323     0.861   0.420
           5800         1       -75.90453 +/-   0.12704     1.598   0.560
           5900         1       -75.50643 +/-   0.16311     2.634   0.590


  FINAL RESULT:
 total energy                 =     -76.01496 +/- 0.06215 E_h
 block average energy         =     -76.01496 E_h
 variance (of wave function)  =       1.75169 E_h^2
 tau (adapted)                =        0.1216 fixed at step         2000
 N_corr (<5%)                 =      63.5
 N_corr (global)              =      12.8

 WARNING: stddev and global N_corr may be unreliable
  (block_len < 20*N_corr)

 sample accumulation: new total sample size is          600

 wall clock time for   qmc :               0.26 s
 cpu time (master) for qmc :               0.26 s



 =======>      $save_results - storing current results      <=======


 =======>      $print_results - printing stored results      <=======


table of results:

   i          E            stddev           var
 -------------------------------------------------------
    1      -75.83346        0.10359          3.640
    2      -76.01496        0.06215          1.752
-------------------------------------------------------



 wall clock time for run         :   0d 00:00:01.151
 total cpu time for run (core-h) :            0.0003
 cpu time per mpi process (h)    :            0.0003

Amolqc run finished on Fri Apr  1 11:30:03 2016  

Bye!


